------------------------------------------------------------
Timing Analyzer Summary
------------------------------------------------------------

Type  : Slow 1200mV 85C Model Setup 'CLK'
Slack : -3.243
TNS   : -306.481

Type  : Slow 1200mV 85C Model Setup 'DESPLAZA'
Slack : -1.635
TNS   : -10.670

Type  : Slow 1200mV 85C Model Hold 'CLK'
Slack : 0.348
TNS   : 0.000

Type  : Slow 1200mV 85C Model Hold 'DESPLAZA'
Slack : 0.447
TNS   : 0.000

Type  : Slow 1200mV 85C Model Minimum Pulse Width 'CLK'
Slack : -3.000
TNS   : -237.301

Type  : Slow 1200mV 85C Model Minimum Pulse Width 'DESPLAZA'
Slack : -1.403
TNS   : -58.926

Type  : Slow 1200mV 0C Model Setup 'CLK'
Slack : -2.914
TNS   : -269.784

Type  : Slow 1200mV 0C Model Setup 'DESPLAZA'
Slack : -1.398
TNS   : -8.499

Type  : Slow 1200mV 0C Model Hold 'CLK'
Slack : 0.312
TNS   : 0.000

Type  : Slow 1200mV 0C Model Hold 'DESPLAZA'
Slack : 0.414
TNS   : 0.000

Type  : Slow 1200mV 0C Model Minimum Pulse Width 'CLK'
Slack : -3.000
TNS   : -237.301

Type  : Slow 1200mV 0C Model Minimum Pulse Width 'DESPLAZA'
Slack : -1.403
TNS   : -58.926

Type  : Fast 1200mV 0C Model Setup 'CLK'
Slack : -0.771
TNS   : -45.496

Type  : Fast 1200mV 0C Model Setup 'DESPLAZA'
Slack : -0.191
TNS   : -0.448

Type  : Fast 1200mV 0C Model Hold 'CLK'
Slack : 0.153
TNS   : 0.000

Type  : Fast 1200mV 0C Model Hold 'DESPLAZA'
Slack : 0.170
TNS   : 0.000

Type  : Fast 1200mV 0C Model Minimum Pulse Width 'CLK'
Slack : -3.000
TNS   : -174.725

Type  : Fast 1200mV 0C Model Minimum Pulse Width 'DESPLAZA'
Slack : -1.000
TNS   : -42.000

------------------------------------------------------------
